<?xml version="1.0" encoding="UTF-8"?>
<TestRun id="a0e6ea2d-08e0-4198-ba5a-eebffd5068b5" name="Kissinger@KISSINGER-PC 2010-08-08 23:36:59" runUser="Kissinger-PC\Kissinger" xmlns="http://microsoft.com/schemas/VisualStudio/TeamTest/2010">
  <TestSettings name="Local" id="eac800e8-48a9-4df0-a77d-24e4cc3a76e4">
    <Description>These are default test settings for a local test run.</Description>
    <Deployment enabled="false" runDeploymentRoot="Kissinger_KISSINGER-PC 2010-08-08 23_36_59">
      <DeploymentItem filename="D:\My Documents\AlgorithmProjects\Algorithm\LearnAlgorithm\LearnAlgorithm\bin\Debug\LearnAlgorithm.exe" />
    </Deployment>
    <Execution>
      <TestTypeSpecific />
      <AgentRule name="Execution Agents">
      </AgentRule>
    </Execution>
  </TestSettings>
  <Times creation="2010-08-08T23:36:59.0693956+08:00" queuing="2010-08-08T23:36:59.9734473+08:00" start="2010-08-08T23:37:00.1974601+08:00" finish="2010-08-08T23:37:38.0426247+08:00" />
  <ResultSummary outcome="Error">
    <Counters total="1" executed="1" error="0" failed="0" timeout="0" aborted="1" inconclusive="0" passedButRunAborted="0" notRunnable="0" notExecuted="0" disconnected="0" warning="0" passed="0" completed="0" inProgress="0" pending="0" />
    <RunInfos>
      <RunInfo computerName="KISSINGER-PC" outcome="Error" timestamp="2010-08-08T23:37:38.0406246+08:00">
        <Text>Test host process exited unexpectedly.</Text>
      </RunInfo>
    </RunInfos>
  </ResultSummary>
  <TestDefinitions>
    <UnitTest name="RecQuickSortTest" storage="d:\my documents\algorithmprojects\algorithm\learnalgorithm\learnalgorithmtest\bin\debug\learnalgorithmtest.dll" id="47d94284-a474-b3b8-7de3-4ea22fe735e7">
      <Execution id="348a2c30-cc77-45c8-aaf2-d4c247a98d1e" />
      <TestMethod codeBase="D:/My Documents/AlgorithmProjects/Algorithm/LearnAlgorithm/LearnAlgorithmTest/bin/Debug/LearnAlgorithmTest.DLL" adapterTypeName="Microsoft.VisualStudio.TestTools.TestTypes.Unit.UnitTestAdapter, Microsoft.VisualStudio.QualityTools.Tips.UnitTest.Adapter, Version=10.0.0.0, Culture=neutral, PublicKeyToken=b03f5f7f11d50a3a" className="LearnAlgorithmTest.AdvancedSortingTest, LearnAlgorithmTest, Version=1.0.0.0, Culture=neutral, PublicKeyToken=null" name="RecQuickSortTest" />
    </UnitTest>
  </TestDefinitions>
  <TestLists>
    <TestList name="Results Not in a List" id="8c84fa94-04c1-424b-9868-57a2d4851a1d" />
    <TestList name="All Loaded Results" id="19431567-8539-422a-85d7-44ee4e166bda" />
  </TestLists>
  <TestEntries>
    <TestEntry testId="47d94284-a474-b3b8-7de3-4ea22fe735e7" executionId="348a2c30-cc77-45c8-aaf2-d4c247a98d1e" testListId="8c84fa94-04c1-424b-9868-57a2d4851a1d" />
  </TestEntries>
  <Results>
    <UnitTestResult executionId="348a2c30-cc77-45c8-aaf2-d4c247a98d1e" testId="47d94284-a474-b3b8-7de3-4ea22fe735e7" testName="RecQuickSortTest" computerName="KISSINGER-PC" duration="00:00:37.6731548" startTime="2010-08-08T23:37:00.3694699+08:00" endTime="2010-08-08T23:37:38.0426247+08:00" testType="13cdc9d9-ddb5-4fa4-a97d-d965ccfc6d4b" outcome="Aborted" testListId="8c84fa94-04c1-424b-9868-57a2d4851a1d" relativeResultsDirectory="348a2c30-cc77-45c8-aaf2-d4c247a98d1e">
    </UnitTestResult>
  </Results>
</TestRun>