<?xml version="1.0" encoding="UTF-8"?>
<TestRun id="34c8c631-bfb3-4666-a0d6-7e6c1a6f5896" name="Kissinger@KISSINGER-PC 2010-07-29 22:19:16" runUser="Kissinger-PC\Kissinger" xmlns="http://microsoft.com/schemas/VisualStudio/TeamTest/2010">
  <TestSettings name="Local" id="eac800e8-48a9-4df0-a77d-24e4cc3a76e4">
    <Description>These are default test settings for a local test run.</Description>
    <Deployment enabled="false" runDeploymentRoot="Kissinger_KISSINGER-PC 2010-07-29 22_19_16">
      <DeploymentItem filename="D:\My Documents\AlgorithmProjects\Algorithm\LearnAlgorithm\LearnAlgorithm\bin\Debug\LearnAlgorithm.exe" />
    </Deployment>
    <Execution>
      <TestTypeSpecific />
      <AgentRule name="Execution Agents">
      </AgentRule>
    </Execution>
  </TestSettings>
  <Times creation="2010-07-29T22:19:16.9881656+08:00" queuing="2010-07-29T22:19:18.0602269+08:00" start="2010-07-29T22:19:18.2862398+08:00" finish="2010-07-29T22:28:42.0434849+08:00" />
  <ResultSummary outcome="Completed">
    <Counters total="1" executed="1" passed="1" error="0" failed="0" timeout="0" aborted="0" inconclusive="0" passedButRunAborted="0" notRunnable="0" notExecuted="0" disconnected="0" warning="0" completed="0" inProgress="0" pending="0" />
  </ResultSummary>
  <TestDefinitions>
    <UnitTest name="ShellSortTest" storage="d:\my documents\algorithmprojects\algorithm\learnalgorithm\learnalgorithmtest\bin\debug\learnalgorithmtest.dll" id="9cf4d5be-b8ce-4cca-ff49-f78305b053da">
      <Execution id="0d7c7d49-a7a7-46e5-b063-9992c5edcf2a" />
      <TestMethod codeBase="D:/My Documents/AlgorithmProjects/Algorithm/LearnAlgorithm/LearnAlgorithmTest/bin/Debug/LearnAlgorithmTest.DLL" adapterTypeName="Microsoft.VisualStudio.TestTools.TestTypes.Unit.UnitTestAdapter, Microsoft.VisualStudio.QualityTools.Tips.UnitTest.Adapter, Version=10.0.0.0, Culture=neutral, PublicKeyToken=b03f5f7f11d50a3a" className="LearnAlgorithmTest.AdvancedSortingTest, LearnAlgorithmTest, Version=1.0.0.0, Culture=neutral, PublicKeyToken=null" name="ShellSortTest" />
    </UnitTest>
  </TestDefinitions>
  <TestLists>
    <TestList name="Results Not in a List" id="8c84fa94-04c1-424b-9868-57a2d4851a1d" />
    <TestList name="All Loaded Results" id="19431567-8539-422a-85d7-44ee4e166bda" />
  </TestLists>
  <TestEntries>
    <TestEntry testId="9cf4d5be-b8ce-4cca-ff49-f78305b053da" executionId="0d7c7d49-a7a7-46e5-b063-9992c5edcf2a" testListId="8c84fa94-04c1-424b-9868-57a2d4851a1d" />
  </TestEntries>
  <Results>
    <UnitTestResult executionId="0d7c7d49-a7a7-46e5-b063-9992c5edcf2a" testId="9cf4d5be-b8ce-4cca-ff49-f78305b053da" testName="ShellSortTest" computerName="KISSINGER-PC" duration="00:09:22.3960567" startTime="2010-07-29T22:19:18.4732505+08:00" endTime="2010-07-29T22:28:41.8624745+08:00" testType="13cdc9d9-ddb5-4fa4-a97d-d965ccfc6d4b" outcome="Passed" testListId="8c84fa94-04c1-424b-9868-57a2d4851a1d" relativeResultsDirectory="0d7c7d49-a7a7-46e5-b063-9992c5edcf2a">
      <Output>
        <StdOut>0,    1,    2,    3,    4,    5,    6,    7,    8,    
3,    4,    0,    4,    2,    3,    8,    8,    0,    
2,    4,    0,    4,    3,    3,    8,    8,    0,    
2,    3,    0,    4,    3,    4,    8,    8,    0,    
2,    3,    0,    4,    3,    4,    8,    8,    0,    
2,    3,    0,    4,    3,    4,    8,    8,    0,    
0,    3,    0,    4,    2,    4,    8,    8,    3,    
0,    3,    0,    4,    2,    4,    8,    8,    3,    
0,    0,    3,    4,    2,    4,    8,    8,    3,    
0,    0,    3,    4,    2,    4,    8,    8,    3,    
0,    0,    2,    3,    4,    4,    8,    8,    3,    
0,    0,    2,    3,    4,    4,    8,    8,    3,    
0,    0,    2,    3,    4,    4,    8,    8,    3,    
0,    0,    2,    3,    4,    4,    8,    8,    3,    
0,    0,    2,    3,    3,    4,    4,    8,    8,    
0,    0,    2,    3,    3,    4,    4,    8,    8,</StdOut>
      </Output>
    </UnitTestResult>
  </Results>
</TestRun>