<?xml version="1.0" encoding="UTF-8"?>
<TestRun id="aeb1c16d-907a-40cc-91ed-b52f69a921f1" name="Kissinger@KISSINGER-PC 2010-08-10 21:20:25" runUser="Kissinger-PC\Kissinger" xmlns="http://microsoft.com/schemas/VisualStudio/TeamTest/2010">
  <TestSettings name="Local" id="eac800e8-48a9-4df0-a77d-24e4cc3a76e4">
    <Description>These are default test settings for a local test run.</Description>
    <Deployment enabled="false" runDeploymentRoot="Kissinger_KISSINGER-PC 2010-08-10 21_20_25">
      <DeploymentItem filename="D:\My Documents\AlgorithmProjects\Algorithm\LearnAlgorithm\LearnAlgorithm\bin\Debug\LearnAlgorithm.exe" />
    </Deployment>
    <Execution>
      <TestTypeSpecific />
      <AgentRule name="Execution Agents">
      </AgentRule>
    </Execution>
  </TestSettings>
  <Times creation="2010-08-10T21:20:25.1196444+08:00" queuing="2010-08-10T21:20:26.0947002+08:00" start="2010-08-10T21:20:26.1957060+08:00" finish="2010-08-10T21:20:26.7057352+08:00" />
  <ResultSummary outcome="Completed">
    <Counters total="1" executed="1" passed="1" error="0" failed="0" timeout="0" aborted="0" inconclusive="0" passedButRunAborted="0" notRunnable="0" notExecuted="0" disconnected="0" warning="0" completed="0" inProgress="0" pending="0" />
  </ResultSummary>
  <TestDefinitions>
    <UnitTest name="LCSubstringTest" storage="d:\my documents\algorithmprojects\algorithm\learnalgorithm\learnalgorithmtest\bin\debug\learnalgorithmtest.dll" id="898597e2-e206-aec0-b06d-1281d09a37e5">
      <Execution id="1a8d6141-d5ed-4b90-84c1-7fc5f86cf21e" />
      <TestMethod codeBase="D:/My Documents/AlgorithmProjects/Algorithm/LearnAlgorithm/LearnAlgorithmTest/bin/Debug/LearnAlgorithmTest.DLL" adapterTypeName="Microsoft.VisualStudio.TestTools.TestTypes.Unit.UnitTestAdapter, Microsoft.VisualStudio.QualityTools.Tips.UnitTest.Adapter, Version=10.0.0.0, Culture=neutral, PublicKeyToken=b03f5f7f11d50a3a" className="LearnAlgorithmTest.FindingLongestSubStringTest, LearnAlgorithmTest, Version=1.0.0.0, Culture=neutral, PublicKeyToken=null" name="LCSubstringTest" />
    </UnitTest>
  </TestDefinitions>
  <TestLists>
    <TestList name="Results Not in a List" id="8c84fa94-04c1-424b-9868-57a2d4851a1d" />
    <TestList name="All Loaded Results" id="19431567-8539-422a-85d7-44ee4e166bda" />
  </TestLists>
  <TestEntries>
    <TestEntry testId="898597e2-e206-aec0-b06d-1281d09a37e5" executionId="1a8d6141-d5ed-4b90-84c1-7fc5f86cf21e" testListId="8c84fa94-04c1-424b-9868-57a2d4851a1d" />
  </TestEntries>
  <Results>
    <UnitTestResult executionId="1a8d6141-d5ed-4b90-84c1-7fc5f86cf21e" testId="898597e2-e206-aec0-b06d-1281d09a37e5" testName="LCSubstringTest" computerName="KISSINGER-PC" duration="00:00:00.0153357" startTime="2010-08-10T21:20:26.2527092+08:00" endTime="2010-08-10T21:20:26.6327310+08:00" testType="13cdc9d9-ddb5-4fa4-a97d-d965ccfc6d4b" outcome="Passed" testListId="8c84fa94-04c1-424b-9868-57a2d4851a1d" relativeResultsDirectory="1a8d6141-d5ed-4b90-84c1-7fc5f86cf21e">
      <Output>
        <StdOut>0000002000001000000000000av</StdOut>
      </Output>
    </UnitTestResult>
  </Results>
</TestRun>